{
  "prepared_utc": "2026-09-22T23:18:06.949057+00:00",
  "cpu_seconds": 16.074605565001548,
  "fitting_device": "CPU only",
  "coefficients": [
    0.5528816584316915,
    0.27033554699516466,
    0.08350826152381181,
    0.07327453304933204
  ],
  "stability_sum": 0.98,
  "dynamics_fit": "constrained one-step least squares; short-rollout-loss optimization omitted in Stage 1",
  "gaussian_training_histories": 2588,
  "gaussian_rank": 16,
  "diagonal_floor": 1e-06,
  "missing_fitting_policy": "training-mean fill of calendar-centered histories; omit unavailable exact constraints",
  "seasonal_features": [
    "intercept",
    "daily_sin",
    "daily_cos",
    "second_harmonic_sin",
    "second_harmonic_cos",
    "weekend"
  ],
  "residual_sequence_count": 5174,
  "regime_rule": "weekday/weekend x hour//8",
  "residual_float32_storage": "rounding to float32 is part of the fixed empirical working law",
  "origin_selection": "128 uniformly spaced indices in split-contained validation origins; no future labels consulted",
  "data_file": "data/processed/pilot_inputs.npz",
  "data_bytes": 46322954,
  "data_sha256": "65afcc26e5c3ca971557167f9de1252533c7f9acb20fe417671898dadc202ea3",
  "raw_sha256": "65d69fb0a2323dba9867179eb7af47c8b814186bc459ff0a4937d21614153c8f",
  "config_sha256": "48830e12a13e1ea4ed397fd7740682cac00acd33827425e7f4c1c0f266eda426",
  "test_access": false,
  "residual_mean_absolute_offdiagonal_correlation": 0.034720906946766626,
  "residual_lag1_correlation": -0.025891402186890553
}
