{"completed_origins": 1, "elapsed_seconds": 5.198420453816652, "conservative_remaining_projection": 652.5058242967352}
{"completed_origins": 2, "elapsed_seconds": 8.22403203137219, "conservative_remaining_projection": 609.6042856592685}
{"completed_origins": 3, "elapsed_seconds": 11.151433555409312, "conservative_remaining_projection": 586.1400328576565}
{"completed_origins": 4, "elapsed_seconds": 14.074839025735855, "conservative_remaining_projection": 572.0265388162807}
{"completed_origins": 5, "elapsed_seconds": 17.06619661487639, "conservative_remaining_projection": 564.3118322934956}
{"completed_origins": 6, "elapsed_seconds": 20.012533588334918, "conservative_remaining_projection": 556.2998870387673}
{"completed_origins": 7, "elapsed_seconds": 22.975991850718856, "conservative_remaining_projection": 549.7582837167595}
{"completed_origins": 8, "elapsed_seconds": 25.873259913176298, "conservative_remaining_projection": 542.2515048785135}
{"completed_origins": 9, "elapsed_seconds": 28.60560668259859, "conservative_remaining_projection": 532.1762041160837}
{"completed_origins": 10, "elapsed_seconds": 31.28716398961842, "conservative_remaining_projection": 522.3972859907894}
{"completed_origins": 11, "elapsed_seconds": 33.99472590908408, "conservative_remaining_projection": 514.0799109394746}
{"completed_origins": 12, "elapsed_seconds": 36.630494706332684, "conservative_remaining_projection": 505.4308743113652}
{"completed_origins": 13, "elapsed_seconds": 39.31089989468455, "conservative_remaining_projection": 498.0964949393932}
{"completed_origins": 14, "elapsed_seconds": 41.9704197589308, "conservative_remaining_projection": 490.9804121929087}
{"completed_origins": 15, "elapsed_seconds": 44.66990767791867, "conservative_remaining_projection": 484.73287552502006}
{"completed_origins": 16, "elapsed_seconds": 47.3659246340394, "conservative_remaining_projection": 478.72368184570223}
{"completed_origins": 17, "elapsed_seconds": 49.983272245153785, "conservative_remaining_projection": 472.17518761030897}
{"completed_origins": 18, "elapsed_seconds": 52.66969909518957, "conservative_remaining_projection": 466.551305600442}
{"completed_origins": 19, "elapsed_seconds": 55.31933254934847, "conservative_remaining_projection": 460.77862165603597}
{"completed_origins": 20, "elapsed_seconds": 57.981879292055964, "conservative_remaining_projection": 455.2903587251901}
{"completed_origins": 21, "elapsed_seconds": 60.624860011041164, "conservative_remaining_projection": 449.794883357494}
{"completed_origins": 22, "elapsed_seconds": 63.30423832312226, "conservative_remaining_projection": 444.70164552982897}
{"completed_origins": 23, "elapsed_seconds": 65.93994071893394, "conservative_remaining_projection": 439.4027287415836}
{"completed_origins": 24, "elapsed_seconds": 68.57979371398687, "conservative_remaining_projection": 434.2429044479504}
{"completed_origins": 25, "elapsed_seconds": 71.26440262235701, "conservative_remaining_projection": 429.4556752827018}
{"completed_origins": 26, "elapsed_seconds": 73.95737297832966, "conservative_remaining_projection": 424.7761358516291}
{"completed_origins": 27, "elapsed_seconds": 76.76005457900465, "conservative_remaining_projection": 420.75961202672784}
{"completed_origins": 28, "elapsed_seconds": 79.43542557395995, "conservative_remaining_projection": 416.0476743443204}
{"completed_origins": 29, "elapsed_seconds": 82.16032824292779, "conservative_remaining_projection": 411.63757169538917}
{"completed_origins": 30, "elapsed_seconds": 84.8003807310015, "conservative_remaining_projection": 406.833219736442}
{"completed_origins": 31, "elapsed_seconds": 87.3883826751262, "conservative_remaining_projection": 401.8390352713365}
{"completed_origins": 32, "elapsed_seconds": 90.05945403687656, "conservative_remaining_projection": 397.2881745323539}
{"completed_origins": 33, "elapsed_seconds": 92.75446087867022, "conservative_remaining_projection": 392.8736566206102}
{"completed_origins": 34, "elapsed_seconds": 95.46572904288769, "conservative_remaining_projection": 388.54845817239186}
{"completed_origins": 35, "elapsed_seconds": 98.15731461904943, "conservative_remaining_projection": 384.15957033474524}
{"completed_origins": 36, "elapsed_seconds": 100.83610224537551, "conservative_remaining_projection": 379.7411519934734}
{"completed_origins": 37, "elapsed_seconds": 103.50103732571006, "conservative_remaining_projection": 375.2932634164101}
{"completed_origins": 38, "elapsed_seconds": 106.17215413786471, "conservative_remaining_projection": 370.891046042211}
{"completed_origins": 39, "elapsed_seconds": 108.83065824396908, "conservative_remaining_projection": 366.4659386181201}
{"completed_origins": 40, "elapsed_seconds": 111.5589186064899, "conservative_remaining_projection": 362.2928944034502}
{"completed_origins": 41, "elapsed_seconds": 114.21494549512863, "conservative_remaining_projection": 357.893870652199}
{"completed_origins": 42, "elapsed_seconds": 116.88498844206333, "conservative_remaining_projection": 353.55765733801354}
{"completed_origins": 43, "elapsed_seconds": 119.50507381930947, "conservative_remaining_projection": 349.0887162948114}
{"completed_origins": 44, "elapsed_seconds": 122.19963528588414, "conservative_remaining_projection": 344.8575391882015}
{"completed_origins": 45, "elapsed_seconds": 124.8440110143274, "conservative_remaining_projection": 340.4959297575057}
{"completed_origins": 46, "elapsed_seconds": 127.6829881388694, "conservative_remaining_projection": 336.67184344411874}
{"completed_origins": 47, "elapsed_seconds": 130.38810946047306, "conservative_remaining_projection": 332.48324141150067}
{"completed_origins": 48, "elapsed_seconds": 133.04100570641458, "conservative_remaining_projection": 328.16953169181943}
{"completed_origins": 49, "elapsed_seconds": 135.77784927934408, "conservative_remaining_projection": 324.07248501192623}
{"completed_origins": 50, "elapsed_seconds": 138.5374110583216, "conservative_remaining_projection": 320.02827018700543}
{"completed_origins": 51, "elapsed_seconds": 141.27565907128155, "conservative_remaining_projection": 315.932055447141}
{"completed_origins": 52, "elapsed_seconds": 144.04843067377806, "conservative_remaining_projection": 311.91109791204616}
{"completed_origins": 53, "elapsed_seconds": 146.81249187886715, "conservative_remaining_projection": 307.86643623646773}
{"completed_origins": 54, "elapsed_seconds": 149.45379273220897, "conservative_remaining_projection": 303.5656771662956}
{"completed_origins": 55, "elapsed_seconds": 152.0435452479869, "conservative_remaining_projection": 299.1746103255247}
{"completed_origins": 56, "elapsed_seconds": 154.64673441834748, "conservative_remaining_projection": 294.8275441067027}
{"completed_origins": 57, "elapsed_seconds": 157.33147116564214, "conservative_remaining_projection": 290.6483617803376}
{"completed_origins": 58, "elapsed_seconds": 159.93993686512113, "conservative_remaining_projection": 286.3363465986311}
{"completed_origins": 59, "elapsed_seconds": 162.63626018166542, "conservative_remaining_projection": 282.19199068186083}
{"completed_origins": 60, "elapsed_seconds": 165.27635726332664, "conservative_remaining_projection": 277.9553791971877}
{"completed_origins": 61, "elapsed_seconds": 167.92932856827974, "conservative_remaining_projection": 273.74904297751783}
{"completed_origins": 62, "elapsed_seconds": 170.56116046756506, "conservative_remaining_projection": 269.51627058628947}
{"completed_origins": 63, "elapsed_seconds": 173.27082732133567, "conservative_remaining_projection": 265.41300545136136}
{"completed_origins": 64, "elapsed_seconds": 175.95551245845854, "conservative_remaining_projection": 261.2734791431576}
{"completed_origins": 65, "elapsed_seconds": 178.5865192823112, "conservative_remaining_projection": 257.0593743211232}
{"completed_origins": 66, "elapsed_seconds": 181.23025668598711, "conservative_remaining_projection": 252.87131697024134}
{"completed_origins": 67, "elapsed_seconds": 183.93676018714905, "conservative_remaining_projection": 248.77561783444472}
{"completed_origins": 68, "elapsed_seconds": 186.58846153505147, "conservative_remaining_projection": 244.60844361004146}
{"completed_origins": 69, "elapsed_seconds": 189.20477711595595, "conservative_remaining_projection": 240.40137958891046}
{"completed_origins": 70, "elapsed_seconds": 191.84027488157153, "conservative_remaining_projection": 236.2262303016282}
{"completed_origins": 71, "elapsed_seconds": 194.48499611020088, "conservative_remaining_projection": 232.06843892090072}
{"completed_origins": 72, "elapsed_seconds": 197.15774119645357, "conservative_remaining_projection": 227.94863952789456}
{"completed_origins": 73, "elapsed_seconds": 200.00100042298436, "conservative_remaining_projection": 224.02457684858967}
{"completed_origins": 74, "elapsed_seconds": 202.64092384651303, "conservative_remaining_projection": 219.86873238058007}
{"completed_origins": 75, "elapsed_seconds": 205.33529733493924, "conservative_remaining_projection": 215.7758305635676}
{"completed_origins": 76, "elapsed_seconds": 207.97435740195215, "conservative_remaining_projection": 211.6275108031144}
{"completed_origins": 77, "elapsed_seconds": 210.581377370283, "conservative_remaining_projection": 207.45228703968326}
{"completed_origins": 78, "elapsed_seconds": 213.2616528905928, "conservative_remaining_projection": 203.35428832779422}
{"completed_origins": 79, "elapsed_seconds": 216.11312996968627, "conservative_remaining_projection": 199.41753626696152}
{"completed_origins": 80, "elapsed_seconds": 218.76950646191835, "conservative_remaining_projection": 195.29668208900836}
{"completed_origins": 81, "elapsed_seconds": 221.53462253138423, "conservative_remaining_projection": 191.27383678851442}
{"completed_origins": 82, "elapsed_seconds": 224.20407686196268, "conservative_remaining_projection": 187.167451029598}
{"completed_origins": 83, "elapsed_seconds": 226.8787603713572, "conservative_remaining_projection": 183.06778066943073}
{"completed_origins": 84, "elapsed_seconds": 229.5583823248744, "conservative_remaining_projection": 178.97407730336167}
{"completed_origins": 85, "elapsed_seconds": 232.2063574269414, "conservative_remaining_projection": 174.85810710144614}
{"completed_origins": 86, "elapsed_seconds": 234.89892112091184, "conservative_remaining_projection": 170.77814964822298}
{"completed_origins": 87, "elapsed_seconds": 237.57053715921938, "conservative_remaining_projection": 166.6843294708765}
{"completed_origins": 88, "elapsed_seconds": 240.15565422177315, "conservative_remaining_projection": 162.5334962673316}
{"completed_origins": 89, "elapsed_seconds": 242.7588754631579, "conservative_remaining_projection": 158.40070137480964}
{"completed_origins": 90, "elapsed_seconds": 245.44930563122034, "conservative_remaining_projection": 154.3282046476379}
{"completed_origins": 91, "elapsed_seconds": 248.07764734700322, "conservative_remaining_projection": 150.21865071001164}
{"completed_origins": 92, "elapsed_seconds": 250.72991799935699, "conservative_remaining_projection": 146.12677335176292}
{"completed_origins": 93, "elapsed_seconds": 253.43409984186292, "conservative_remaining_projection": 142.06664094235748}
{"completed_origins": 94, "elapsed_seconds": 256.1271118391305, "conservative_remaining_projection": 138.00053041788968}
{"completed_origins": 95, "elapsed_seconds": 258.95895840227604, "conservative_remaining_projection": 134.00731985203333}
{"completed_origins": 96, "elapsed_seconds": 261.8078486472368, "conservative_remaining_projection": 130.017327808775}
{"completed_origins": 97, "elapsed_seconds": 264.5000230483711, "conservative_remaining_projection": 125.94636696771977}
{"completed_origins": 98, "elapsed_seconds": 267.1535241957754, "conservative_remaining_projection": 121.85831533136721}
{"completed_origins": 99, "elapsed_seconds": 269.7863010875881, "conservative_remaining_projection": 117.76333535877481}
{"completed_origins": 100, "elapsed_seconds": 272.48593385890126, "conservative_remaining_projection": 113.69935114827007}
{"completed_origins": 101, "elapsed_seconds": 275.1367274262011, "conservative_remaining_projection": 109.61607072335474}
{"completed_origins": 102, "elapsed_seconds": 277.77021488174796, "conservative_remaining_projection": 105.52827306108222}
{"completed_origins": 103, "elapsed_seconds": 280.3883827608079, "conservative_remaining_projection": 101.43756907686446}
{"completed_origins": 104, "elapsed_seconds": 283.0584278125316, "conservative_remaining_projection": 97.36796588636935}
{"completed_origins": 105, "elapsed_seconds": 285.92961855232716, "conservative_remaining_projection": 93.3656826717247}
{"completed_origins": 106, "elapsed_seconds": 288.8160019479692, "conservative_remaining_projection": 89.36238390852188}
{"completed_origins": 107, "elapsed_seconds": 291.5762190632522, "conservative_remaining_projection": 85.31584411268514}
{"completed_origins": 108, "elapsed_seconds": 294.26574689894915, "conservative_remaining_projection": 81.24793163035065}
{"completed_origins": 109, "elapsed_seconds": 296.89134913124144, "conservative_remaining_projection": 77.16392154948906}
{"completed_origins": 110, "elapsed_seconds": 299.6377703472972, "conservative_remaining_projection": 73.11221443250437}
{"completed_origins": 111, "elapsed_seconds": 302.38715183362365, "conservative_remaining_projection": 69.0599635090125}
{"completed_origins": 112, "elapsed_seconds": 305.0403394289315, "conservative_remaining_projection": 64.98581708555243}
{"completed_origins": 113, "elapsed_seconds": 307.70378797501326, "conservative_remaining_projection": 60.915383949290664}
{"completed_origins": 114, "elapsed_seconds": 310.3931936416775, "conservative_remaining_projection": 56.85105274431407}
{"completed_origins": 115, "elapsed_seconds": 313.0781346578151, "conservative_remaining_projection": 52.78649010216089}
{"completed_origins": 116, "elapsed_seconds": 315.7768787331879, "conservative_remaining_projection": 48.72470985054328}
{"completed_origins": 117, "elapsed_seconds": 318.47069093957543, "conservative_remaining_projection": 44.66246765395866}
{"completed_origins": 118, "elapsed_seconds": 321.20565204694867, "conservative_remaining_projection": 40.60582106151634}
{"completed_origins": 119, "elapsed_seconds": 323.8985516577959, "conservative_remaining_projection": 36.54363312167624}
{"completed_origins": 120, "elapsed_seconds": 326.6216840725392, "conservative_remaining_projection": 32.48484910428524}
{"completed_origins": 121, "elapsed_seconds": 329.35217822901905, "conservative_remaining_projection": 28.42627557514867}
{"completed_origins": 122, "elapsed_seconds": 332.0795268416405, "conservative_remaining_projection": 24.366860691045762}
{"completed_origins": 123, "elapsed_seconds": 334.675889339298, "conservative_remaining_projection": 20.298944896927512}
{"completed_origins": 124, "elapsed_seconds": 337.42457165010273, "conservative_remaining_projection": 16.241195739697545}
{"completed_origins": 125, "elapsed_seconds": 340.1284755989909, "conservative_remaining_projection": 12.180790172494946}
{"completed_origins": 126, "elapsed_seconds": 342.79133504256606, "conservative_remaining_projection": 8.119479571735221}
{"completed_origins": 127, "elapsed_seconds": 345.45836913213134, "conservative_remaining_projection": 4.0592737334934395}
{"completed_origins": 128, "elapsed_seconds": 348.1732387188822, "conservative_remaining_projection": 0.0}
{
  "source_sha": "a2cc0400b71a71f06a6fde17270de8aa777a0f3e",
  "config_sha256": "48830e12a13e1ea4ed397fd7740682cac00acd33827425e7f4c1c0f266eda426",
  "input_sha256": "65afcc26e5c3ca971557167f9de1252533c7f9acb20fe417671898dadc202ea3",
  "completed_origins": 128,
  "complete": true,
  "device": "cuda",
  "precision": "FP64 reference, FP32 audit",
  "numerical_certification": "theorem exact arithmetic; floating bounds empirical; certified mode refines all",
  "implementation": "four-thread NumPy conditioning/enclosure plus eager GPU fine dynamics; all transfers included",
  "cpu_threads": 4,
  "startup_seconds": 1.7731930296868086,
  "warmup_seconds": 0.0920671820640564,
  "total_wall_seconds": 348.205185810104,
  "cuda_rollout_event_seconds": 4.5120725336074745,
  "cuda_timing_scope": "CUDA events around every rollout, including warm-up, failed/repeated audits, correction and fallback; transfers separately timed",
  "host_peak_rss_bytes": 1646403584,
  "max_gpu_allocated_bytes": 92702208,
  "max_gpu_reserved_bytes": 123731968,
  "no_test_measurements": true,
  "compilation_attempted": false,
  "sample_count_protocol": "fixed N; common draws across retention and N prefixes; independent allocation/cheap/correction streams"
}
