{"completed_origins": 1, "elapsed_seconds": 5.009631892666221, "conservative_remaining_projection": 625.497723184526}
{"completed_origins": 2, "elapsed_seconds": 7.220810603350401, "conservative_remaining_projection": 519.2426602905616}
{"completed_origins": 3, "elapsed_seconds": 9.640677336603403, "conservative_remaining_projection": 494.6561286924407}
{"completed_origins": 4, "elapsed_seconds": 11.85679130256176, "conservative_remaining_projection": 471.07345916423947}
{"completed_origins": 5, "elapsed_seconds": 14.09807675331831, "conservative_remaining_projection": 456.5230168567971}
{"completed_origins": 6, "elapsed_seconds": 16.50857507996261, "conservative_remaining_projection": 450.8630719743669}
{"completed_origins": 7, "elapsed_seconds": 18.860677218064666, "conservative_remaining_projection": 444.2730537440096}
{"completed_origins": 8, "elapsed_seconds": 21.163827484473586, "conservative_remaining_projection": 437.34708465635777}
{"completed_origins": 9, "elapsed_seconds": 23.468183275312185, "conservative_remaining_projection": 431.21641262279206}
{"completed_origins": 10, "elapsed_seconds": 25.888798024505377, "conservative_remaining_projection": 427.6783518215641}
{"completed_origins": 11, "elapsed_seconds": 28.156745651736856, "conservative_remaining_projection": 421.68767260675406}
{"completed_origins": 12, "elapsed_seconds": 30.501911159604788, "conservative_remaining_projection": 417.2481122901663}
{"completed_origins": 13, "elapsed_seconds": 32.76370060630143, "conservative_remaining_projection": 411.844033016465}
{"completed_origins": 14, "elapsed_seconds": 35.07844599150121, "conservative_remaining_projection": 407.3741148635745}
{"completed_origins": 15, "elapsed_seconds": 37.351981298998, "conservative_remaining_projection": 402.5715628426522}
{"completed_origins": 16, "elapsed_seconds": 39.562558338046074, "conservative_remaining_projection": 397.2819801354781}
{"completed_origins": 17, "elapsed_seconds": 41.81299768388271, "conservative_remaining_projection": 392.6150155681569}
{"completed_origins": 18, "elapsed_seconds": 43.96879574842751, "conservative_remaining_projection": 387.22398431661225}
{"completed_origins": 19, "elapsed_seconds": 46.099585676565766, "conservative_remaining_projection": 381.8448392759617}
{"completed_origins": 20, "elapsed_seconds": 48.315020978450775, "conservative_remaining_projection": 377.36961777750406}
{"completed_origins": 21, "elapsed_seconds": 50.619060929864645, "conservative_remaining_projection": 373.6813097714579}
{"completed_origins": 22, "elapsed_seconds": 52.80367714352906, "conservative_remaining_projection": 369.15100730430675}
{"completed_origins": 23, "elapsed_seconds": 55.01047052629292, "conservative_remaining_projection": 364.8815596383065}
{"completed_origins": 24, "elapsed_seconds": 57.21720229648054, "conservative_remaining_projection": 360.6916496232152}
{"completed_origins": 25, "elapsed_seconds": 59.40842817723751, "conservative_remaining_projection": 356.47629820022735}
{"completed_origins": 26, "elapsed_seconds": 61.62814589962363, "conservative_remaining_projection": 352.5000343531227}
{"completed_origins": 27, "elapsed_seconds": 63.8992733117193, "conservative_remaining_projection": 348.8601387474272}
{"completed_origins": 28, "elapsed_seconds": 66.19787059351802, "conservative_remaining_projection": 345.38406062139467}
{"completed_origins": 29, "elapsed_seconds": 68.3712490722537, "conservative_remaining_projection": 341.2687194661141}
{"completed_origins": 30, "elapsed_seconds": 70.67561378329992, "conservative_remaining_projection": 337.8522290783003}
{"completed_origins": 31, "elapsed_seconds": 72.93282869830728, "conservative_remaining_projection": 334.2118545394812}
{"completed_origins": 32, "elapsed_seconds": 75.15672660805285, "conservative_remaining_projection": 330.43746298737824}
{"completed_origins": 33, "elapsed_seconds": 77.38909002020955, "conservative_remaining_projection": 326.72620547977704}
{"completed_origins": 34, "elapsed_seconds": 79.68608490936458, "conservative_remaining_projection": 323.3043145320433}
{"completed_origins": 35, "elapsed_seconds": 81.95066753588617, "conservative_remaining_projection": 319.75188891547066}
{"completed_origins": 36, "elapsed_seconds": 84.16307260468602, "conservative_remaining_projection": 316.00809108745307}
{"completed_origins": 37, "elapsed_seconds": 86.36609346978366, "conservative_remaining_projection": 312.2526564119837}
{"completed_origins": 38, "elapsed_seconds": 88.65715687908232, "conservative_remaining_projection": 308.8337362160612}
{"completed_origins": 39, "elapsed_seconds": 90.89912980794907, "conservative_remaining_projection": 305.2458691233769}
{"completed_origins": 40, "elapsed_seconds": 93.0513525865972, "conservative_remaining_projection": 301.37307191994046}
{"completed_origins": 41, "elapsed_seconds": 95.20308031141758, "conservative_remaining_projection": 297.5301362176358}
{"completed_origins": 42, "elapsed_seconds": 97.28786917962134, "conservative_remaining_projection": 293.5109046992979}
{"completed_origins": 43, "elapsed_seconds": 99.41737052053213, "conservative_remaining_projection": 289.66574147636027}
{"completed_origins": 44, "elapsed_seconds": 101.55351272411644, "conservative_remaining_projection": 285.86918214251375}
{"completed_origins": 45, "elapsed_seconds": 103.69835541211069, "conservative_remaining_projection": 282.1230206390222}
{"completed_origins": 46, "elapsed_seconds": 105.79902613908052, "conservative_remaining_projection": 278.28174269503063}
{"completed_origins": 47, "elapsed_seconds": 107.86334454454482, "conservative_remaining_projection": 274.3758634030423}
{"completed_origins": 48, "elapsed_seconds": 110.03906461782753, "conservative_remaining_projection": 270.78221335075796}
{"completed_origins": 49, "elapsed_seconds": 112.22891505248845, "conservative_remaining_projection": 267.23620794557644}
{"completed_origins": 50, "elapsed_seconds": 114.35742458328605, "conservative_remaining_projection": 263.5571140154824}
{"completed_origins": 51, "elapsed_seconds": 116.47635472938418, "conservative_remaining_projection": 259.875397346859}
{"completed_origins": 52, "elapsed_seconds": 118.57316827215254, "conservative_remaining_projection": 256.1645527959157}
{"completed_origins": 53, "elapsed_seconds": 120.74485835619271, "conservative_remaining_projection": 252.63398861038092}
{"completed_origins": 54, "elapsed_seconds": 122.99969873204827, "conservative_remaining_projection": 249.28445665652137}
{"completed_origins": 55, "elapsed_seconds": 125.27533859573305, "conservative_remaining_projection": 245.9751444607973}
{"completed_origins": 56, "elapsed_seconds": 127.38992777094245, "conservative_remaining_projection": 242.351514951592}
{"completed_origins": 57, "elapsed_seconds": 129.46118207089603, "conservative_remaining_projection": 238.66276837708915}
{"completed_origins": 58, "elapsed_seconds": 131.56128230690956, "conservative_remaining_projection": 235.04630720836974}
{"completed_origins": 59, "elapsed_seconds": 133.66954605840147, "conservative_remaining_projection": 231.4599739291658}
{"completed_origins": 60, "elapsed_seconds": 135.72613134793937, "conservative_remaining_projection": 227.7999185197055}
{"completed_origins": 61, "elapsed_seconds": 137.80230878293514, "conservative_remaining_projection": 224.19100025071776}
{"completed_origins": 62, "elapsed_seconds": 139.93772430345416, "conservative_remaining_projection": 220.69262834785565}
{"completed_origins": 63, "elapsed_seconds": 142.08101012185216, "conservative_remaining_projection": 217.2158096400311}
{"completed_origins": 64, "elapsed_seconds": 144.20260622538626, "conservative_remaining_projection": 213.71464042179286}
{"completed_origins": 65, "elapsed_seconds": 146.34718815237284, "conservative_remaining_projection": 210.25669751804892}
{"completed_origins": 66, "elapsed_seconds": 148.51318832486868, "conservative_remaining_projection": 206.83624002125788}
{"completed_origins": 67, "elapsed_seconds": 150.70151812769473, "conservative_remaining_projection": 203.4513955938894}
{"completed_origins": 68, "elapsed_seconds": 152.83463612385094, "conservative_remaining_projection": 199.99648700249108}
{"completed_origins": 69, "elapsed_seconds": 155.0187111441046, "conservative_remaining_projection": 196.61433435061383}
{"completed_origins": 70, "elapsed_seconds": 157.1012381967157, "conservative_remaining_projection": 193.10900179956639}
{"completed_origins": 71, "elapsed_seconds": 159.2301153615117, "conservative_remaining_projection": 189.6702328898721}
{"completed_origins": 72, "elapsed_seconds": 161.43547523207963, "conservative_remaining_projection": 186.32751194698113}
{"completed_origins": 73, "elapsed_seconds": 163.591027604416, "conservative_remaining_projection": 182.92945187628166}
{"completed_origins": 74, "elapsed_seconds": 165.70616744458675, "conservative_remaining_projection": 179.49160866935208}
{"completed_origins": 75, "elapsed_seconds": 167.79836642369628, "conservative_remaining_projection": 176.03651837494226}
{"completed_origins": 76, "elapsed_seconds": 169.9458482079208, "conservative_remaining_projection": 172.6465023233016}
{"completed_origins": 77, "elapsed_seconds": 172.01951359957457, "conservative_remaining_projection": 169.18753344982912}
{"completed_origins": 78, "elapsed_seconds": 174.13374380208552, "conservative_remaining_projection": 165.7765043505396}
{"completed_origins": 79, "elapsed_seconds": 176.2778206244111, "conservative_remaining_projection": 162.39931188602756}
{"completed_origins": 80, "elapsed_seconds": 178.45044943504035, "conservative_remaining_projection": 159.0518431417644}
{"completed_origins": 81, "elapsed_seconds": 180.64411001466215, "conservative_remaining_projection": 155.7248656415829}
{"completed_origins": 82, "elapsed_seconds": 182.87326105125248, "conservative_remaining_projection": 152.4286419803322}
{"completed_origins": 83, "elapsed_seconds": 185.04859895259142, "conservative_remaining_projection": 149.08750997671117}
{"completed_origins": 84, "elapsed_seconds": 187.19903300702572, "conservative_remaining_projection": 145.72867078746535}
{"completed_origins": 85, "elapsed_seconds": 189.36238212510943, "conservative_remaining_projection": 142.38276569022634}
{"completed_origins": 86, "elapsed_seconds": 191.61860388331115, "conservative_remaining_projection": 139.10724128098335}
{"completed_origins": 87, "elapsed_seconds": 193.77801238186657, "conservative_remaining_projection": 135.76077857375915}
{"completed_origins": 88, "elapsed_seconds": 195.89687042869627, "conservative_remaining_projection": 132.38910760307175}
{"completed_origins": 89, "elapsed_seconds": 198.07453955337405, "conservative_remaining_projection": 129.06043905772142}
{"completed_origins": 90, "elapsed_seconds": 200.23917599022388, "conservative_remaining_projection": 125.72489791804304}
{"completed_origins": 91, "elapsed_seconds": 202.3954548984766, "conservative_remaining_projection": 122.38620656003133}
{"completed_origins": 92, "elapsed_seconds": 204.5660120435059, "conservative_remaining_projection": 119.05816271046743}
{"completed_origins": 93, "elapsed_seconds": 206.7843002062291, "conservative_remaining_projection": 115.75861665330106}
{"completed_origins": 94, "elapsed_seconds": 209.04441387951374, "conservative_remaining_projection": 112.48116983724955}
{"completed_origins": 95, "elapsed_seconds": 211.16174621507525, "conservative_remaining_projection": 109.12695329903968}
{"completed_origins": 96, "elapsed_seconds": 213.3011026736349, "conservative_remaining_projection": 105.78746169805527}
{"completed_origins": 97, "elapsed_seconds": 215.47293845936656, "conservative_remaining_projection": 102.46622991706869}
{"completed_origins": 98, "elapsed_seconds": 217.6497858799994, "conservative_remaining_projection": 99.14859486848343}
{"completed_origins": 99, "elapsed_seconds": 219.8207576815039, "conservative_remaining_projection": 95.82943596538495}
{"completed_origins": 100, "elapsed_seconds": 221.87713151983917, "conservative_remaining_projection": 92.46339994177222}
{"completed_origins": 101, "elapsed_seconds": 224.08606894500554, "conservative_remaining_projection": 89.16411417359394}
{"completed_origins": 102, "elapsed_seconds": 226.23490735143423, "conservative_remaining_projection": 85.8415724988479}
{"completed_origins": 103, "elapsed_seconds": 228.29254049994051, "conservative_remaining_projection": 82.4877528722389}
{"completed_origins": 104, "elapsed_seconds": 230.38889831490815, "conservative_remaining_projection": 79.15247966678669}
{"completed_origins": 105, "elapsed_seconds": 232.5598730687052, "conservative_remaining_projection": 75.84535653138799}
{"completed_origins": 106, "elapsed_seconds": 234.74563430063426, "conservative_remaining_projection": 72.54379260153422}
{"completed_origins": 107, "elapsed_seconds": 236.929906334728, "conservative_remaining_projection": 69.242218713102}
{"completed_origins": 108, "elapsed_seconds": 239.08558081649244, "conservative_remaining_projection": 65.9331670941578}
{"completed_origins": 109, "elapsed_seconds": 241.27539590001106, "conservative_remaining_projection": 62.63442819945753}
{"completed_origins": 110, "elapsed_seconds": 243.37850665301085, "conservative_remaining_projection": 59.31466217398304}
{"completed_origins": 111, "elapsed_seconds": 245.48600482940674, "conservative_remaining_projection": 55.99887884300001}
{"completed_origins": 112, "elapsed_seconds": 247.63071726821363, "conservative_remaining_projection": 52.69382956943342}
{"completed_origins": 113, "elapsed_seconds": 249.83287059515715, "conservative_remaining_projection": 49.40177481988264}
{"completed_origins": 114, "elapsed_seconds": 251.97362479381263, "conservative_remaining_projection": 46.09821364773731}
{"completed_origins": 115, "elapsed_seconds": 254.12941585853696, "conservative_remaining_projection": 42.79880968112823}
{"completed_origins": 116, "elapsed_seconds": 256.2634044997394, "conservative_remaining_projection": 39.49715563792992}
{"completed_origins": 117, "elapsed_seconds": 258.4298811778426, "conservative_remaining_projection": 36.20180411414745}
{"completed_origins": 118, "elapsed_seconds": 260.5443732123822, "conservative_remaining_projection": 32.90061787307515}
{"completed_origins": 119, "elapsed_seconds": 262.7224447913468, "conservative_remaining_projection": 29.608820037282378}
{"completed_origins": 120, "elapsed_seconds": 264.9689772427082, "conservative_remaining_projection": 26.324279796518386}
{"completed_origins": 121, "elapsed_seconds": 267.2303637638688, "conservative_remaining_projection": 23.039619314930718}
{"completed_origins": 122, "elapsed_seconds": 269.41046175919473, "conservative_remaining_projection": 19.747201166680604}
{"completed_origins": 123, "elapsed_seconds": 271.60098542645574, "conservative_remaining_projection": 16.45578086273972}
{"completed_origins": 124, "elapsed_seconds": 273.8223488982767, "conservative_remaining_projection": 13.165943691326726}
{"completed_origins": 125, "elapsed_seconds": 276.0027518160641, "conservative_remaining_projection": 9.873956611387431}
{"completed_origins": 126, "elapsed_seconds": 278.25312905199826, "conservative_remaining_projection": 6.583974994630331}
{"completed_origins": 127, "elapsed_seconds": 280.41506981663406, "conservative_remaining_projection": 3.2916010693595634}
{"completed_origins": 128, "elapsed_seconds": 282.5649086795747, "conservative_remaining_projection": 0.0}
{
  "source_sha": "128f8f15257c51677e197ec2493ddc4c0d098820",
  "config_sha256": "48830e12a13e1ea4ed397fd7740682cac00acd33827425e7f4c1c0f266eda426",
  "input_sha256": "65afcc26e5c3ca971557167f9de1252533c7f9acb20fe417671898dadc202ea3",
  "completed_origins": 128,
  "complete": true,
  "device": "cuda",
  "precision": "FP64 reference, FP32 audit",
  "numerical_certification": "theorem exact arithmetic; floating bounds empirical; certified mode refines all",
  "implementation": "four-thread NumPy conditioning/enclosure plus eager GPU fine dynamics; all transfers included",
  "cpu_threads": 4,
  "startup_seconds": 1.726179277524352,
  "warmup_seconds": 0.08923276327550411,
  "total_wall_seconds": 282.5970280729234,
  "cuda_rollout_event_seconds": 4.442077308654781,
  "cuda_timing_scope": "CUDA events around every rollout, including warm-up, failed/repeated audits, correction and fallback; transfers separately timed",
  "host_peak_rss_bytes": 1605353472,
  "max_gpu_allocated_bytes": 92702208,
  "max_gpu_reserved_bytes": 123731968,
  "no_test_measurements": true,
  "compilation_attempted": false,
  "sample_count_protocol": "fixed N; common draws across retention and N prefixes; independent allocation/cheap/correction streams"
}
