 method  retention    N    brier  brier_low  brier_high  onset_brier   n  positives   pr_auc  mean_seconds  p95_seconds
fine_mc       0.00  256 0.083843   0.046992    0.121542     0.041372 127         20 0.905594      0.035837     0.044060
fine_mc       0.00 1024 0.084307   0.047602    0.121755     0.041843 127         20 0.913433      0.132647     0.186923
fine_mc       0.15  256 0.075232   0.040585    0.110664     0.034658 127         20 0.969186      0.037618     0.044243
fine_mc       0.15 1024 0.075371   0.041214    0.110367     0.035284 127         20 0.962565      0.142132     0.160656
fine_mc       1.00  256 0.062865   0.034434    0.092301     0.033024 127         20 0.965183      0.013453     0.015752
fine_mc       1.00 1024 0.063255   0.034897    0.092533     0.033122 127         20 0.971313      0.026135     0.027809
 retention    N  unresolved_fraction  coarse_fine_agreement  correction_variance  mean_radius  actual_mean_error  maximum_enclosure_violation
      0.00  256                  1.0               0.943176             0.025065    29.091381           1.154946                    -1.451031
      0.00 1024                  1.0               0.942863             0.024996    29.117245           1.155558                    -1.451031
      0.15  256                  1.0               0.942322             0.030700    28.236717           1.122777                    -1.397843
      0.15 1024                  1.0               0.941841             0.030587    28.259812           1.123360                    -1.397843
      1.00  256                  1.0               0.930237             0.034685    28.023396           1.147045                    -1.377995
      1.00 1024                  1.0               0.930038             0.034655    28.049253           1.147787                    -1.377995
 retention  origins  mean_rmse  coverage_50  coverage_80  coverage_95
      0.00      128   1.362320     0.428261     0.698290     0.868767
      0.15      128   1.190944     0.482159     0.751337     0.900675
      1.00      128        NaN          NaN          NaN          NaN
{
  "information_0.15_minus_0_at_1024": {
    "mean": -0.008935703067328986,
    "day_bootstrap_95": [
      -0.0253185810641016,
      0.004638418504460291
    ],
    "days": 36
  },
  "information_1.0_minus_0_at_1024": {
    "mean": -0.02105219533124308,
    "day_bootstrap_95": [
      -0.040640043725171174,
      -0.004389025777328797
    ],
    "days": 36
  },
  "1024_minus_256_at_retention_0.0": {
    "mean": 0.0004642591701717827,
    "day_bootstrap_95": [
      -0.0017250147997076388,
      0.002445205396753016
    ],
    "days": 36
  },
  "1024_minus_256_at_retention_0.15": {
    "mean": 0.0001390787560170091,
    "day_bootstrap_95": [
      -0.0024611052214389756,
      0.0026644257485397213
    ],
    "days": 36
  },
  "1024_minus_256_at_retention_1.0": {
    "mean": 0.00038917421355960874,
    "day_bootstrap_95": [
      -0.0023199487858869897,
      0.003252242671571524
    ],
    "days": 36
  },
  "retention_0.0_minus_aggregate_memory": {
    "mean": 0.04731477051528695,
    "day_bootstrap_95": [
      0.02100146420948011,
      0.07471866495573967
    ],
    "days": 36
  },
  "retention_0.0_minus_heterogeneity": {
    "mean": 0.05785079331126084,
    "day_bootstrap_95": [
      0.031223818063191036,
      0.08866950999377621
    ],
    "days": 36
  },
  "retention_0.0_minus_seasonal_persistence": {
    "mean": 0.04764942243108138,
    "day_bootstrap_95": [
      0.023409498912946854,
      0.07207819899124102
    ],
    "days": 36
  },
  "retention_0.15_minus_aggregate_memory": {
    "mean": 0.03837906744795797,
    "day_bootstrap_95": [
      0.015739776423605363,
      0.06245119745716925
    ],
    "days": 36
  },
  "retention_0.15_minus_heterogeneity": {
    "mean": 0.04891509024393186,
    "day_bootstrap_95": [
      0.023051308347032902,
      0.07805507892796368
    ],
    "days": 36
  },
  "retention_0.15_minus_seasonal_persistence": {
    "mean": 0.0387137193637524,
    "day_bootstrap_95": [
      0.018321854987955594,
      0.05975467325869375
    ],
    "days": 36
  },
  "retention_1.0_minus_aggregate_memory": {
    "mean": 0.026262575184043884,
    "day_bootstrap_95": [
      0.008946647892309118,
      0.044378555213187246
    ],
    "days": 36
  },
  "retention_1.0_minus_heterogeneity": {
    "mean": 0.036798597980017764,
    "day_bootstrap_95": [
      0.016553628214437233,
      0.05939366895058031
    ],
    "days": 36
  },
  "retention_1.0_minus_seasonal_persistence": {
    "mean": 0.026597227099838312,
    "day_bootstrap_95": [
      0.010574300247524893,
      0.0428245229341397
    ],
    "days": 36
  }
}
