{"completed_origins": 1, "elapsed_seconds": 4.014270589999796, "conservative_remaining_projection": 5.596361914496811}
{"completed_origins": 2, "elapsed_seconds": 7.755890079999517, "conservative_remaining_projection": 0.0}
{
  "source_sha": "uncommitted-development",
  "config_sha256": "48830e12a13e1ea4ed397fd7740682cac00acd33827425e7f4c1c0f266eda426",
  "input_sha256": "65afcc26e5c3ca971557167f9de1252533c7f9acb20fe417671898dadc202ea3",
  "completed_origins": 2,
  "complete": true,
  "device": "cpu",
  "precision": "FP64 reference, FP32 audit",
  "numerical_certification": "theorem exact arithmetic; floating bounds empirical; certified mode refines all",
  "implementation": "four-thread NumPy conditioning/enclosure plus eager GPU fine dynamics; all transfers included",
  "cpu_threads": 4,
  "startup_seconds": 0.2833626470019226,
  "warmup_seconds": 0.001774815005774144,
  "total_wall_seconds": 7.855499432000215,
  "cuda_rollout_event_seconds": 0.0,
  "cuda_timing_scope": "CUDA events around every rollout, including warm-up, failed/repeated audits, correction and fallback; transfers separately timed",
  "host_peak_rss_bytes": 776351744,
  "max_gpu_allocated_bytes": 0,
  "max_gpu_reserved_bytes": 0,
  "no_test_measurements": true,
  "compilation_attempted": false,
  "sample_count_protocol": "fixed N; common draws across retention and N prefixes; independent allocation/cheap/correction streams"
}
