{
  "source_sha": "a2cc0400b71a71f06a6fde17270de8aa777a0f3e",
  "random_graphs": 40,
  "coupled_scenarios": 1280,
  "cpu_gpu_max_state_error": 0.0,
  "cpu_gpu_label_flips": 0,
  "maximum_positive_enclosure_violation": 0.0,
  "constructed_threshold_case": {
    "float32": {
      "label": true,
      "first_state": 0.0
    },
    "float64": {
      "label": false,
      "first_state": -9.99999993922529e-09
    }
  },
  "wall_seconds": 0.49356915056705475,
  "cuda_rollout_event_seconds": 0.17583053159713746,
  "host_peak_rss_bytes": 852537344,
  "max_gpu_allocated_bytes": 8604160,
  "all_assertions_passed": true
}
